enum TestEnum {
    // Test annotation for first variant.
    #[test(attr)]
    TestVariant1,
}
