enum TestEnum {
    TestVariant1,
    TestVariant2,
    TestVariant3,
    TestVariant4,
}
