impl Struct {
    fn test(&mut self, ) {
        // Function implementation.
    }
}
