impl Struct {
    // I'm a line inside of an `impl` block.
}
