impl Struct {
    // I'm an annotation inside of an `impl` block.
}
