fn test() {
    if let Some(function) = FUNCTION {
        // If block.
    } else {
        // Else block.
    }

}

