fn test() {
    let x = 2 - 3 + 5 - 7 + 11 - 13;
}

