#[repr(C)]
/// Second line
/// Third line
struct Test {
}

